[    2225ms] [WARNING] The resource http://localhost:3000/_next/image?url=%2Fimages%2FHQ16by9%2FMICROTalentCenteredMILKSHAKE.png&w=1080&q=75 was preloaded using link preload but not used within a few seconds from the window's load event. Please make sure it has an appropriate `as` value and it is preloaded intentionally. @ http://localhost:3000/en:0
[   14061ms] [ERROR] Failed to load resource: net::ERR_CONNECTION_RESET @ http://localhost:3000/_next/static/css/app/layout.css?v=1775177673903:0
[   14061ms] [ERROR] Failed to load resource: net::ERR_CONNECTION_RESET @ http://localhost:3000/_next/image?url=%2Fimages%2FHQ16by9%2FMenaCloseMatcha.png&w=3840&q=75:0
[   14062ms] [ERROR] Failed to load resource: net::ERR_CONNECTION_RESET @ http://localhost:3000/_next/image?url=%2Fimages%2FHQ16by9%2FMICROTalentCenteredMILKSHAKE.png&w=1080&q=75:0
[   14062ms] [ERROR] Failed to load resource: net::ERR_CONNECTION_RESET @ http://localhost:3000/_next/static/chunks/webpack.js?v=1775177673903:0
[   14062ms] [ERROR] Failed to load resource: net::ERR_CONNECTION_RESET @ http://localhost:3000/_next/static/chunks/main-app.js?v=1775177673903:0
[   14063ms] [ERROR] Failed to load resource: net::ERR_INCOMPLETE_CHUNKED_ENCODING @ http://localhost:3000/en:0
[   14064ms] [ERROR] Failed to load resource: net::ERR_CONNECTION_REFUSED @ http://localhost:3000/_next/static/chunks/app-pages-internals.js:0
[   14064ms] [ERROR] Failed to load resource: net::ERR_CONNECTION_REFUSED @ http://localhost:3000/_next/static/chunks/app/%5Blocale%5D/page.js:0
[   14065ms] [ERROR] Failed to load resource: net::ERR_CONNECTION_REFUSED @ http://localhost:3000/_next/static/chunks/app/%5Blocale%5D/layout.js:0
[   14066ms] [ERROR] Failed to load resource: net::ERR_CONNECTION_REFUSED @ http://localhost:3000/_next/static/chunks/app/%5Blocale%5D/not-found.js:0
[   14066ms] [ERROR] Failed to load resource: net::ERR_CONNECTION_REFUSED @ http://localhost:3000/_next/static/chunks/_app-pages-browser_src_components_MenuPreview_tsx.js:0
[   14067ms] [ERROR] Failed to load resource: net::ERR_CONNECTION_REFUSED @ http://localhost:3000/_next/static/chunks/_app-pages-browser_src_components_HowItWorks_tsx.js:0
[   14067ms] [ERROR] Failed to load resource: net::ERR_CONNECTION_REFUSED @ http://localhost:3000/_next/static/chunks/_app-pages-browser_src_components_SignaturePicks_tsx.js:0
[   14067ms] [ERROR] Failed to load resource: net::ERR_CONNECTION_REFUSED @ http://localhost:3000/_next/static/chunks/_app-pages-browser_src_components_WhyElite_tsx.js:0
[   14067ms] [ERROR] Failed to load resource: net::ERR_CONNECTION_REFUSED @ http://localhost:3000/_next/static/chunks/_app-pages-browser_src_components_LovedByLocals_tsx.js:0
[   14068ms] [ERROR] Failed to load resource: net::ERR_CONNECTION_REFUSED @ http://localhost:3000/_next/static/chunks/_app-pages-browser_src_components_Testimonials_tsx.js:0
[   14068ms] [ERROR] Failed to load resource: net::ERR_CONNECTION_REFUSED @ http://localhost:3000/_next/static/chunks/_app-pages-browser_src_components_LoyaltyTeaser_tsx.js:0
[   14069ms] [ERROR] Failed to load resource: net::ERR_CONNECTION_REFUSED @ http://localhost:3000/_next/static/chunks/_app-pages-browser_src_components_LocationBar_tsx.js:0
[   14069ms] [ERROR] Failed to load resource: net::ERR_CONNECTION_REFUSED @ http://localhost:3000/_next/static/chunks/_app-pages-browser_src_components_Footer_tsx.js:0
[   14070ms] [ERROR] Failed to load resource: net::ERR_CONNECTION_REFUSED @ http://localhost:3000/_next/image?url=%2Fimages%2FHQ16by9%2FMICRO_LEFT_bobaspanish.png&w=3840&q=75:0
[   14071ms] [ERROR] Failed to load resource: net::ERR_CONNECTION_REFUSED @ http://localhost:3000/_next/image?url=%2Fimages%2FHQ16by9%2FModelHolding.png&w=3840&q=75:0
[   14071ms] [ERROR] Failed to load resource: net::ERR_CONNECTION_REFUSED @ http://localhost:3000/_next/image?url=%2Fimages%2FMicroTARO.png&w=640&q=75:0
[   14071ms] [ERROR] Failed to load resource: net::ERR_CONNECTION_REFUSED @ http://localhost:3000/_next/image?url=%2Fimages%2FMICRObobaspanish.png&w=640&q=75:0
[   14071ms] [ERROR] Failed to load resource: net::ERR_CONNECTION_REFUSED @ http://localhost:3000/_next/image?url=%2Fimages%2FHQ16by9%2FMICROTalentCenteredMILKSHAKE.png&w=1920&q=75:0
[   14071ms] [ERROR] Failed to load resource: net::ERR_CONNECTION_REFUSED @ http://localhost:3000/_next/image?url=%2Fimages%2FmenaCloseup.png&w=1080&q=75:0
[   14072ms] [ERROR] Failed to load resource: net::ERR_CONNECTION_REFUSED @ http://localhost:3000/_next/image?url=%2Fimages%2Flevels%2FG.png&w=256&q=75:0
[   14271ms] [ERROR] Failed to load resource: net::ERR_CONNECTION_REFUSED @ http://localhost:3000/_next/image?url=%2Fimages%2Flevels%2FS.png&w=256&q=75:0
[   14271ms] [ERROR] Failed to load resource: net::ERR_CONNECTION_REFUSED @ http://localhost:3000/_next/image?url=%2Fimages%2Flevels%2FP.png&w=256&q=75:0
[   14271ms] [ERROR] Failed to load resource: net::ERR_CONNECTION_REFUSED @ http://localhost:3000/_next/image?url=%2Fimages%2Flevels%2FB.png&w=256&q=75:0
[   14271ms] [ERROR] Failed to load resource: net::ERR_CONNECTION_REFUSED @ http://localhost:3000/_next/image?url=%2Fimages%2FHQ16by9%2FMICROTalentCenteredMILKSHAKE.png&w=2048&q=75:0
[   14271ms] [ERROR] Failed to load resource: net::ERR_CONNECTION_REFUSED @ http://localhost:3000/_next/image?url=%2Fimages%2FmenaCloseup.png&w=2048&q=75:0
[   14271ms] [ERROR] Failed to load resource: net::ERR_CONNECTION_REFUSED @ http://localhost:3000/_next/image?url=%2Fimages%2FHQ16by9%2FMICROTalentCenteredMILKSHAKE.png&w=1920&q=75:0
[   14274ms] [ERROR] Failed to load resource: net::ERR_CONNECTION_REFUSED @ http://localhost:3000/_next/image?url=%2Fimages%2FHQ16by9%2FModelHolding.png&w=750&q=75:0
[   14274ms] [ERROR] Failed to load resource: net::ERR_CONNECTION_REFUSED @ http://localhost:3000/_next/image?url=%2Fimages%2FHQ16by9%2FModelHolding.png&w=2048&q=75:0
[   14274ms] [ERROR] Failed to load resource: net::ERR_CONNECTION_REFUSED @ http://localhost:3000/_next/image?url=%2Fimages%2FMicroTARO.png&w=750&q=75:0
[   14274ms] [ERROR] Failed to load resource: net::ERR_CONNECTION_REFUSED @ http://localhost:3000/_next/image?url=%2Fimages%2FmenaCloseup.png&w=750&q=75:0
